------------------------------------------------------------
TimeQuest Timing Analyzer Summary
------------------------------------------------------------

Type  : Slow 1200mV 85C Model Setup 'clk50'
Slack : 16.658
TNS   : 0.000

Type  : Slow 1200mV 85C Model Setup 'altera_reserved_tck'
Slack : 46.192
TNS   : 0.000

Type  : Slow 1200mV 85C Model Setup 'clock_ccd_inst|altpll_component|auto_generated|pll1|clk[0]'
Slack : 499.275
TNS   : 0.000

Type  : Slow 1200mV 85C Model Setup 'clock_ccd_inst|altpll_component|auto_generated|pll1|clk[1]'
Slack : 1999.275
TNS   : 0.000

Type  : Slow 1200mV 85C Model Setup 'ccd_sh_clk'
Slack : 1200499.298
TNS   : 0.000

Type  : Slow 1200mV 85C Model Hold 'altera_reserved_tck'
Slack : 0.359
TNS   : 0.000

Type  : Slow 1200mV 85C Model Hold 'clock_ccd_inst|altpll_component|auto_generated|pll1|clk[0]'
Slack : 0.362
TNS   : 0.000

Type  : Slow 1200mV 85C Model Hold 'clock_ccd_inst|altpll_component|auto_generated|pll1|clk[1]'
Slack : 0.362
TNS   : 0.000

Type  : Slow 1200mV 85C Model Hold 'ccd_sh_clk'
Slack : 0.385
TNS   : 0.000

Type  : Slow 1200mV 85C Model Hold 'clk50'
Slack : 0.400
TNS   : 0.000

Type  : Slow 1200mV 85C Model Recovery 'altera_reserved_tck'
Slack : 48.786
TNS   : 0.000

Type  : Slow 1200mV 85C Model Removal 'altera_reserved_tck'
Slack : 0.904
TNS   : 0.000

Type  : Slow 1200mV 85C Model Minimum Pulse Width 'clk50'
Slack : 9.487
TNS   : 0.000

Type  : Slow 1200mV 85C Model Minimum Pulse Width 'altera_reserved_tck'
Slack : 49.488
TNS   : 0.000

Type  : Slow 1200mV 85C Model Minimum Pulse Width 'clock_ccd_inst|altpll_component|auto_generated|pll1|clk[0]'
Slack : 249.756
TNS   : 0.000

Type  : Slow 1200mV 85C Model Minimum Pulse Width 'ccd_sh_clk'
Slack : 499.765
TNS   : 0.000

Type  : Slow 1200mV 85C Model Minimum Pulse Width 'clock_ccd_inst|altpll_component|auto_generated|pll1|clk[1]'
Slack : 999.757
TNS   : 0.000

Type  : Slow 1200mV 0C Model Setup 'clk50'
Slack : 17.023
TNS   : 0.000

Type  : Slow 1200mV 0C Model Setup 'altera_reserved_tck'
Slack : 46.669
TNS   : 0.000

Type  : Slow 1200mV 0C Model Setup 'clock_ccd_inst|altpll_component|auto_generated|pll1|clk[0]'
Slack : 499.358
TNS   : 0.000

Type  : Slow 1200mV 0C Model Setup 'clock_ccd_inst|altpll_component|auto_generated|pll1|clk[1]'
Slack : 1999.357
TNS   : 0.000

Type  : Slow 1200mV 0C Model Setup 'ccd_sh_clk'
Slack : 1200499.378
TNS   : 0.000

Type  : Slow 1200mV 0C Model Hold 'altera_reserved_tck'
Slack : 0.311
TNS   : 0.000

Type  : Slow 1200mV 0C Model Hold 'clock_ccd_inst|altpll_component|auto_generated|pll1|clk[1]'
Slack : 0.320
TNS   : 0.000

Type  : Slow 1200mV 0C Model Hold 'clock_ccd_inst|altpll_component|auto_generated|pll1|clk[0]'
Slack : 0.321
TNS   : 0.000

Type  : Slow 1200mV 0C Model Hold 'ccd_sh_clk'
Slack : 0.341
TNS   : 0.000

Type  : Slow 1200mV 0C Model Hold 'clk50'
Slack : 0.356
TNS   : 0.000

Type  : Slow 1200mV 0C Model Recovery 'altera_reserved_tck'
Slack : 48.990
TNS   : 0.000

Type  : Slow 1200mV 0C Model Removal 'altera_reserved_tck'
Slack : 0.806
TNS   : 0.000

Type  : Slow 1200mV 0C Model Minimum Pulse Width 'clk50'
Slack : 9.483
TNS   : 0.000

Type  : Slow 1200mV 0C Model Minimum Pulse Width 'altera_reserved_tck'
Slack : 49.427
TNS   : 0.000

Type  : Slow 1200mV 0C Model Minimum Pulse Width 'clock_ccd_inst|altpll_component|auto_generated|pll1|clk[0]'
Slack : 249.751
TNS   : 0.000

Type  : Slow 1200mV 0C Model Minimum Pulse Width 'ccd_sh_clk'
Slack : 499.779
TNS   : 0.000

Type  : Slow 1200mV 0C Model Minimum Pulse Width 'clock_ccd_inst|altpll_component|auto_generated|pll1|clk[1]'
Slack : 999.753
TNS   : 0.000

Type  : Fast 1200mV 0C Model Setup 'clk50'
Slack : 18.105
TNS   : 0.000

Type  : Fast 1200mV 0C Model Setup 'altera_reserved_tck'
Slack : 48.128
TNS   : 0.000

Type  : Fast 1200mV 0C Model Setup 'clock_ccd_inst|altpll_component|auto_generated|pll1|clk[0]'
Slack : 499.593
TNS   : 0.000

Type  : Fast 1200mV 0C Model Setup 'clock_ccd_inst|altpll_component|auto_generated|pll1|clk[1]'
Slack : 1999.593
TNS   : 0.000

Type  : Fast 1200mV 0C Model Setup 'ccd_sh_clk'
Slack : 1200499.606
TNS   : 0.000

Type  : Fast 1200mV 0C Model Hold 'altera_reserved_tck'
Slack : 0.187
TNS   : 0.000

Type  : Fast 1200mV 0C Model Hold 'clock_ccd_inst|altpll_component|auto_generated|pll1|clk[0]'
Slack : 0.195
TNS   : 0.000

Type  : Fast 1200mV 0C Model Hold 'clock_ccd_inst|altpll_component|auto_generated|pll1|clk[1]'
Slack : 0.195
TNS   : 0.000

Type  : Fast 1200mV 0C Model Hold 'ccd_sh_clk'
Slack : 0.208
TNS   : 0.000

Type  : Fast 1200mV 0C Model Hold 'clk50'
Slack : 0.212
TNS   : 0.000

Type  : Fast 1200mV 0C Model Recovery 'altera_reserved_tck'
Slack : 49.638
TNS   : 0.000

Type  : Fast 1200mV 0C Model Removal 'altera_reserved_tck'
Slack : 0.504
TNS   : 0.000

Type  : Fast 1200mV 0C Model Minimum Pulse Width 'clk50'
Slack : 9.203
TNS   : 0.000

Type  : Fast 1200mV 0C Model Minimum Pulse Width 'altera_reserved_tck'
Slack : 49.286
TNS   : 0.000

Type  : Fast 1200mV 0C Model Minimum Pulse Width 'clock_ccd_inst|altpll_component|auto_generated|pll1|clk[0]'
Slack : 249.785
TNS   : 0.000

Type  : Fast 1200mV 0C Model Minimum Pulse Width 'ccd_sh_clk'
Slack : 499.778
TNS   : 0.000

Type  : Fast 1200mV 0C Model Minimum Pulse Width 'clock_ccd_inst|altpll_component|auto_generated|pll1|clk[1]'
Slack : 999.785
TNS   : 0.000

------------------------------------------------------------
